---
source: crates/dedup-lang/tests/python_profile.rs
expression: joined
---
alpha.py 9..16 function_definition hash=3f4ec3910fbd757a tokens=[def:def identifier:type1_identical (:( identifier:v1 ::: identifier:List ):) ->:-> identifier:Total ::: identifier:v2 =:= integer:0 identifier:v3 =:= integer:0 for:for identifier:v4 in:in identifier:v1 ::: identifier:v2 +=:+= identifier:v4 .:. identifier:value identifier:v3 +=:+= integer:1 identifier:v5 =:= identifier:v2 /:/ identifier:v3 if:if identifier:v3 >:> integer:0 else:else integer:0 return:return identifier:v6 (:( identifier:sum =:= identifier:v2 ,:, identifier:count =:= identifier:v3 ,:, identifier:mean =:= identifier:v5 ):)]
alpha.py 23..30 function_definition hash=4981949b85de389d tokens=[def:def identifier:type2_shared (:( identifier:v1 ::: identifier:List ):) ->:-> identifier:Total ::: identifier:v2 =:= integer:0 identifier:v3 =:= integer:0 for:for identifier:v4 in:in identifier:v1 ::: identifier:v2 +=:+= identifier:v4 .:. identifier:value identifier:v3 +=:+= integer:1 identifier:v5 =:= identifier:v2 /:/ identifier:v3 if:if identifier:v3 >:> integer:0 else:else integer:0 return:return identifier:v6 (:( identifier:sum =:= identifier:v2 ,:, identifier:count =:= identifier:v3 ,:, identifier:mean =:= identifier:v5 ):)]
alpha.py 34..36 function_definition hash=84cd0e742cb3dcb8 tokens=[def:def identifier:unique_alpha (:( ):) ->:-> identifier:int ::: identifier:v1 =:= integer:7 return:return identifier:v1 *:* integer:2 +:+ integer:1]
alpha.py 39..47 class_definition hash=8cad270701369874 tokens=[class:class identifier:Aggregator ::: def:def identifier:__init__ (:( identifier:v1 ,:, identifier:v2 ::: identifier:int ):) ::: identifier:v1 .:. identifier:factor =:= identifier:v2 def:def identifier:scale (:( identifier:v1 ,:, identifier:v3 ::: identifier:List ):) ->:-> identifier:int ::: identifier:v4 =:= integer:0 for:for identifier:v5 in:in identifier:v3 ::: identifier:v4 +=:+= identifier:v5 *:* identifier:v1 .:. identifier:factor return:return identifier:v4]
alpha.py 40..41 function_definition hash=db2e9d122b808013 tokens=[def:def identifier:__init__ (:( identifier:v1 ,:, identifier:v2 ::: identifier:int ):) ::: identifier:v1 .:. identifier:factor =:= identifier:v2]
alpha.py 43..47 function_definition hash=62fa8b730752e6e8 tokens=[def:def identifier:scale (:( identifier:v1 ,:, identifier:v2 ::: identifier:List ):) ->:-> identifier:int ::: identifier:v3 =:= integer:0 for:for identifier:v4 in:in identifier:v2 ::: identifier:v3 +=:+= identifier:v4 *:* identifier:v1 .:. identifier:factor return:return identifier:v3]
beta.py 9..16 function_definition hash=3f4ec3910fbd757a tokens=[def:def identifier:type1_identical (:( identifier:v1 ::: identifier:List ):) ->:-> identifier:Total ::: identifier:v2 =:= integer:0 identifier:v3 =:= integer:0 for:for identifier:v4 in:in identifier:v1 ::: identifier:v2 +=:+= identifier:v4 .:. identifier:value identifier:v3 +=:+= integer:1 identifier:v5 =:= identifier:v2 /:/ identifier:v3 if:if identifier:v3 >:> integer:0 else:else integer:0 return:return identifier:v6 (:( identifier:sum =:= identifier:v2 ,:, identifier:count =:= identifier:v3 ,:, identifier:mean =:= identifier:v5 ):)]
beta.py 21..28 function_definition hash=4981949b85de389d tokens=[def:def identifier:type2_shared (:( identifier:v1 ::: identifier:List ):) ->:-> identifier:Total ::: identifier:v2 =:= integer:0 identifier:v3 =:= integer:0 for:for identifier:v4 in:in identifier:v1 ::: identifier:v2 +=:+= identifier:v4 .:. identifier:value identifier:v3 +=:+= integer:1 identifier:v5 =:= identifier:v2 /:/ identifier:v3 if:if identifier:v3 >:> integer:0 else:else integer:0 return:return identifier:v6 (:( identifier:sum =:= identifier:v2 ,:, identifier:count =:= identifier:v3 ,:, identifier:mean =:= identifier:v5 ):)]
beta.py 33..35 function_definition hash=98004cb30860b501 tokens=[def:def identifier:unique_beta (:( ):) ->:-> identifier:str ::: identifier:v1 =:= string_start:" string_content:hello string_end:" return:return identifier:v1 .:. identifier:upper (:( ):)]
decorated.py 9..10 function_definition hash=0e5168b7e67abea6 tokens=[def:def identifier:cached_square (:( identifier:v1 ::: identifier:int ):) ->:-> identifier:int ::: return:return identifier:v1 *:* identifier:v1]
decorated.py 14..24 class_definition hash=4ee9690f77ac3c89 tokens=[class:class identifier:Point ::: identifier:v1 ::: identifier:int identifier:v2 ::: identifier:int @:@ identifier:staticmethod def:def identifier:origin (:( ):) ->:-> string_start:" string_content:Point string_end:" ::: return:return identifier:v3 (:( integer:0 ,:, integer:0 ):) @:@ identifier:property def:def identifier:magnitude (:( identifier:v4 ):) ->:-> identifier:int ::: return:return identifier:v4 .:. identifier:x *:* identifier:v4 .:. identifier:x +:+ identifier:v4 .:. identifier:y *:* identifier:v4 .:. identifier:y]
decorated.py 19..20 function_definition hash=e00876935e618630 tokens=[def:def identifier:origin (:( ):) ->:-> string_start:" string_content:Point string_end:" ::: return:return identifier:v1 (:( integer:0 ,:, integer:0 ):)]
decorated.py 23..24 function_definition hash=7fa51b6a3b43acce tokens=[def:def identifier:magnitude (:( identifier:v1 ):) ->:-> identifier:int ::: return:return identifier:v1 .:. identifier:x *:* identifier:v1 .:. identifier:x +:+ identifier:v1 .:. identifier:y *:* identifier:v1 .:. identifier:y]
