---
source: crates/dedup-lang/tests/rust_profile.rs
assertion_line: 91
expression: joined
---
alpha.rs 4..13 function_item hash=b5def0ba36004699 tokens=[fn:fn identifier:v1 (:( identifier:v2 ::: &:& [:[ type_identifier:Row ]:] ):) ->:-> type_identifier:Total {:{ let:let mutable_specifier:mut identifier:v3 =:= integer_literal:0 ;:; let:let mutable_specifier:mut identifier:v4 =:= integer_literal:0 ;:; for:for identifier:v5 in:in identifier:v2 {:{ identifier:v3 +=:+= identifier:v5 .:. field_identifier:value ;:; identifier:v4 +=:+= integer_literal:1 ;:; }:} let:let identifier:v6 =:= if:if identifier:v4 >:> integer_literal:0 {:{ identifier:v3 /:/ identifier:v4 }:} else:else {:{ integer_literal:0 }:} ;:; type_identifier:Total {:{ identifier:v3 ,:, identifier:v4 ,:, identifier:v6 }:} }:}]
alpha.rs 17..26 function_item hash=17b913055ab7f7ae tokens=[fn:fn identifier:v1 (:( identifier:v2 ::: &:& [:[ type_identifier:Item ]:] ):) ->:-> type_identifier:Summary {:{ let:let mutable_specifier:mut identifier:v3 =:= integer_literal:0 ;:; let:let mutable_specifier:mut identifier:v4 =:= integer_literal:0 ;:; for:for identifier:v5 in:in identifier:v2 {:{ identifier:v3 +=:+= identifier:v5 .:. field_identifier:weight ;:; identifier:v4 +=:+= integer_literal:1 ;:; }:} let:let identifier:v6 =:= if:if identifier:v4 >:> integer_literal:0 {:{ identifier:v3 /:/ identifier:v4 }:} else:else {:{ integer_literal:0 }:} ;:; type_identifier:Summary {:{ field_identifier:total ::: identifier:v3 ,:, field_identifier:seen ::: identifier:v4 ,:, field_identifier:avg ::: identifier:v6 }:} }:}]
alpha.rs 30..33 function_item hash=775c2addcbda9dcf tokens=[fn:fn identifier:v1 (:( ):) ->:-> primitive_type:i32 {:{ let:let identifier:v2 =:= integer_literal:7 ;:; identifier:v2 *:* integer_literal:2 +:+ integer_literal:1 }:}]
beta.rs 4..13 function_item hash=b5def0ba36004699 tokens=[fn:fn identifier:v1 (:( identifier:v2 ::: &:& [:[ type_identifier:Row ]:] ):) ->:-> type_identifier:Total {:{ let:let mutable_specifier:mut identifier:v3 =:= integer_literal:0 ;:; let:let mutable_specifier:mut identifier:v4 =:= integer_literal:0 ;:; for:for identifier:v5 in:in identifier:v2 {:{ identifier:v3 +=:+= identifier:v5 .:. field_identifier:value ;:; identifier:v4 +=:+= integer_literal:1 ;:; }:} let:let identifier:v6 =:= if:if identifier:v4 >:> integer_literal:0 {:{ identifier:v3 /:/ identifier:v4 }:} else:else {:{ integer_literal:0 }:} ;:; type_identifier:Total {:{ identifier:v3 ,:, identifier:v4 ,:, identifier:v6 }:} }:}]
beta.rs 18..27 function_item hash=17b913055ab7f7ae tokens=[fn:fn identifier:v1 (:( identifier:v2 ::: &:& [:[ type_identifier:Item ]:] ):) ->:-> type_identifier:Summary {:{ let:let mutable_specifier:mut identifier:v3 =:= integer_literal:0 ;:; let:let mutable_specifier:mut identifier:v4 =:= integer_literal:0 ;:; for:for identifier:v5 in:in identifier:v2 {:{ identifier:v3 +=:+= identifier:v5 .:. field_identifier:weight ;:; identifier:v4 +=:+= integer_literal:1 ;:; }:} let:let identifier:v6 =:= if:if identifier:v4 >:> integer_literal:0 {:{ identifier:v3 /:/ identifier:v4 }:} else:else {:{ integer_literal:0 }:} ;:; type_identifier:Summary {:{ field_identifier:total ::: identifier:v3 ,:, field_identifier:seen ::: identifier:v4 ,:, field_identifier:avg ::: identifier:v6 }:} }:}]
beta.rs 30..33 function_item hash=a2c2547a2fe64485 tokens=[fn:fn identifier:v1 (:( ):) ->:-> type_identifier:String {:{ let:let identifier:v2 =:= ":" string_content:hi ":" ;:; identifier:v2 .:. field_identifier:to_string (:( ):) }:}]
