---
source: crates/dedup-lang/tests/typescript_profile.rs
expression: joined
---
alpha.ts 7..16 function_declaration hash=fd8b1f6c5b4e3ad3 tokens=[function:function identifier:type1Identical (:( identifier:v1 ::: type_identifier:Row [:[ ]:] ):) ::: type_identifier:Total {:{ let:let identifier:v2 =:= number:0 ;:; let:let identifier:v3 =:= number:0 ;:; for:for (:( const:const identifier:v4 of:of identifier:v1 ):) {:{ identifier:v2 +=:+= identifier:v4 .:. property_identifier:value ;:; identifier:v3 +=:+= number:1 ;:; }:} const:const identifier:v5 =:= identifier:v3 >:> number:0 ?:? identifier:v2 /:/ identifier:v3 ::: number:0 ;:; return:return {:{ shorthand_property_identifier:sum ,:, shorthand_property_identifier:count ,:, shorthand_property_identifier:mean }:} ;:; }:}]
alpha.ts 20..29 arrow_function hash=18650c71df33f420 tokens=[(:( identifier:v1 ::: type_identifier:Row [:[ ]:] ):) ::: type_identifier:Total =>:=> {:{ let:let identifier:v2 =:= number:0 ;:; let:let identifier:v3 =:= number:0 ;:; for:for (:( const:const identifier:v4 of:of identifier:v1 ):) {:{ identifier:v2 +=:+= identifier:v4 .:. property_identifier:value ;:; identifier:v3 +=:+= number:1 ;:; }:} const:const identifier:v5 =:= identifier:v3 >:> number:0 ?:? identifier:v2 /:/ identifier:v3 ::: number:0 ;:; return:return {:{ property_identifier:sum ::: identifier:v2 ,:, property_identifier:count ::: identifier:v3 ,:, property_identifier:mean ::: identifier:v5 }:} ;:; }:}]
alpha.ts 32..35 arrow_function hash=188ea90caf8eb9c1 tokens=[(:( ):) ::: number:number =>:=> {:{ const:const identifier:v1 =:= number:7 ;:; return:return identifier:v1 *:* number:2 +:+ number:1 ;:; }:}]
alpha.ts 37..48 class_declaration hash=fecc76284bae0f7b tokens=[class:class type_identifier:Aggregator {:{ property_identifier:constructor (:( private:private readonly:readonly identifier:v1 ::: number:number ):) {:{ }:} comment:// Method is itself a syntactic unit; body uses `this` which stays. property_identifier:scale (:( identifier:v2 ::: number:number [:[ ]:] ):) ::: number:number {:{ let:let identifier:v3 =:= number:0 ;:; for:for (:( const:const identifier:v4 of:of identifier:v2 ):) {:{ identifier:v3 +=:+= identifier:v4 *:* this:this .:. property_identifier:factor ;:; }:} return:return identifier:v3 ;:; }:} }:}]
alpha.ts 38..38 method_definition hash=a4287c35b11864d6 tokens=[property_identifier:constructor (:( private:private readonly:readonly identifier:v1 ::: number:number ):) {:{ }:}]
alpha.ts 41..47 method_definition hash=700c2858f827bd31 tokens=[property_identifier:scale (:( identifier:v1 ::: number:number [:[ ]:] ):) ::: number:number {:{ let:let identifier:v2 =:= number:0 ;:; for:for (:( const:const identifier:v3 of:of identifier:v1 ):) {:{ identifier:v2 +=:+= identifier:v3 *:* this:this .:. property_identifier:factor ;:; }:} return:return identifier:v2 ;:; }:}]
beta.ts 7..16 function_declaration hash=fd8b1f6c5b4e3ad3 tokens=[function:function identifier:type1Identical (:( identifier:v1 ::: type_identifier:Row [:[ ]:] ):) ::: type_identifier:Total {:{ let:let identifier:v2 =:= number:0 ;:; let:let identifier:v3 =:= number:0 ;:; for:for (:( const:const identifier:v4 of:of identifier:v1 ):) {:{ identifier:v2 +=:+= identifier:v4 .:. property_identifier:value ;:; identifier:v3 +=:+= number:1 ;:; }:} const:const identifier:v5 =:= identifier:v3 >:> number:0 ?:? identifier:v2 /:/ identifier:v3 ::: number:0 ;:; return:return {:{ shorthand_property_identifier:sum ,:, shorthand_property_identifier:count ,:, shorthand_property_identifier:mean }:} ;:; }:}]
beta.ts 20..29 arrow_function hash=18650c71df33f420 tokens=[(:( identifier:v1 ::: type_identifier:Row [:[ ]:] ):) ::: type_identifier:Total =>:=> {:{ let:let identifier:v2 =:= number:0 ;:; let:let identifier:v3 =:= number:0 ;:; for:for (:( const:const identifier:v4 of:of identifier:v1 ):) {:{ identifier:v2 +=:+= identifier:v4 .:. property_identifier:value ;:; identifier:v3 +=:+= number:1 ;:; }:} const:const identifier:v5 =:= identifier:v3 >:> number:0 ?:? identifier:v2 /:/ identifier:v3 ::: number:0 ;:; return:return {:{ property_identifier:sum ::: identifier:v2 ,:, property_identifier:count ::: identifier:v3 ,:, property_identifier:mean ::: identifier:v5 }:} ;:; }:}]
beta.ts 33..36 function_declaration hash=025ec9b0a3ac47bb tokens=[function:function identifier:uniqueBeta (:( ):) ::: string:string {:{ const:const identifier:v1 =:= ":" string_fragment:hello ":" ;:; return:return identifier:v1 .:. property_identifier:toUpperCase (:( ):) ;:; }:}]
component.tsx 8..17 function_declaration hash=95433c7dc6eaae2d tokens=[function:function identifier:Greeting (:( identifier:v1 ::: {:{ property_identifier:name ::: string:string }:} ):) ::: identifier:v2 .:. type_identifier:Element {:{ const:const [:[ identifier:v3 ,:, identifier:v4 ]:] =:= identifier:v5 (:( number:0 ):) ;:; return:return (:( <:< identifier:section >:> <:< identifier:Header property_identifier:title =:= {:{ identifier:v1 .:. property_identifier:name }:} />:/> <:< identifier:Button property_identifier:onClick =:= {:{ (:( ):) =>:=> identifier:v4 (:( identifier:v3 +:+ number:1 ):) }:} >:> jsx_text:Click </:</ identifier:Button >:> <:< identifier:span >:> {:{ identifier:v3 }:} </:</ identifier:span >:> </:</ identifier:section >:> ):) ;:; }:}]
component.tsx 13..13 arrow_function hash=60a4a144cf35fe19 tokens=[(:( ):) =>:=> identifier:v1 (:( identifier:v2 +:+ number:1 ):)]
component.tsx 19..21 function_declaration hash=5c03b0def2a09e54 tokens=[function:function identifier:Header (:( identifier:v1 ::: {:{ property_identifier:title ::: string:string }:} ):) ::: identifier:v2 .:. type_identifier:Element {:{ return:return <:< identifier:h1 >:> {:{ identifier:v1 .:. property_identifier:title }:} </:</ identifier:h1 >:> ;:; }:}]
component.tsx 23..25 function_declaration hash=037d3e26e8184d2c tokens=[function:function identifier:Button (:( identifier:v1 ::: {:{ property_identifier:onClick ::: (:( ):) =>:=> void:void ;:; property_identifier:children ::: identifier:v2 .:. type_identifier:ReactNode }:} ):) ::: identifier:v3 .:. type_identifier:Element {:{ return:return <:< identifier:button property_identifier:onClick =:= {:{ identifier:v1 .:. property_identifier:onClick }:} >:> {:{ identifier:v1 .:. property_identifier:children }:} </:</ identifier:button >:> ;:; }:}]
